// Vitest Snapshot v1, https://vitest.dev/guide/snapshot.html

exports[`App component > renders headline 1`] = `
<div>
  <div>
    <h1>
      React
    </h1>
    <button>
      Change title
    </button>
  </div>
</div>
`;
